// Vitest Snapshot v1, https://vitest.dev/guide/snapshot.html

exports[`MobileDrawer snapshot > renders drawer panel open with sessions and profile 1`] = `
<div>
  <aside
    class="mobile-drawer fixed left-0 top-0 bottom-0 z-[var(--z-drawer)] flex w-[280px] flex-col overflow-hidden bg-base-200 transition-transform duration-[250ms] ease-out open translate-x-0"
  >
    <div
      class="flex h-12 shrink-0 items-center justify-between border-b border-base-200 px-3"
    >
      <div
        class="mobile-drawer-actions ml-0 flex flex-1 gap-1"
      >
        <button
          class="btn btn-ghost btn-sm btn-circle min-h-[44px] min-w-[44px] text-base-content/45"
          title="Manage groups"
          type="button"
        >
          <svg
            aria-hidden="true"
            class="lucide lucide-settings"
            fill="none"
            height="18"
            stroke="currentColor"
            stroke-linecap="round"
            stroke-linejoin="round"
            stroke-width="2"
            viewBox="0 0 24 24"
            width="18"
            xmlns="http://www.w3.org/2000/svg"
          >
            <path
              d="M9.671 4.136a2.34 2.34 0 0 1 4.659 0 2.34 2.34 0 0 0 3.319 1.915 2.34 2.34 0 0 1 2.33 4.033 2.34 2.34 0 0 0 0 3.831 2.34 2.34 0 0 1-2.33 4.033 2.34 2.34 0 0 0-3.319 1.915 2.34 2.34 0 0 1-4.659 0 2.34 2.34 0 0 0-3.32-1.915 2.34 2.34 0 0 1-2.33-4.033 2.34 2.34 0 0 0 0-3.831A2.34 2.34 0 0 1 6.35 6.051a2.34 2.34 0 0 0 3.319-1.915"
            />
            <circle
              cx="12"
              cy="12"
              r="3"
            />
          </svg>
        </button>
        <button
          class="btn btn-ghost btn-sm btn-circle min-h-[44px] min-w-[44px] text-base-content/45"
          title="Refresh"
          type="button"
        >
          <svg
            aria-hidden="true"
            class="lucide lucide-refresh-cw"
            fill="none"
            height="18"
            stroke="currentColor"
            stroke-linecap="round"
            stroke-linejoin="round"
            stroke-width="2"
            viewBox="0 0 24 24"
            width="18"
            xmlns="http://www.w3.org/2000/svg"
          >
            <path
              d="M3 12a9 9 0 0 1 9-9 9.75 9.75 0 0 1 6.74 2.74L21 8"
            />
            <path
              d="M21 3v5h-5"
            />
            <path
              d="M21 12a9 9 0 0 1-9 9 9.75 9.75 0 0 1-6.74-2.74L3 16"
            />
            <path
              d="M8 16H3v5"
            />
          </svg>
        </button>
        <button
          class="btn btn-ghost btn-sm btn-circle min-h-[44px] min-w-[44px] text-base-content/45"
          title="Sign out"
          type="button"
        >
          <svg
            aria-hidden="true"
            class="lucide lucide-log-out"
            fill="none"
            height="16"
            stroke="currentColor"
            stroke-linecap="round"
            stroke-linejoin="round"
            stroke-width="2"
            viewBox="0 0 24 24"
            width="16"
            xmlns="http://www.w3.org/2000/svg"
          >
            <path
              d="m16 17 5-5-5-5"
            />
            <path
              d="M21 12H9"
            />
            <path
              d="M9 21H5a2 2 0 0 1-2-2V5a2 2 0 0 1 2-2h4"
            />
          </svg>
        </button>
        <button
          class="btn btn-ghost btn-sm btn-circle min-h-[44px] min-w-[44px] text-base-content/45"
          title="Close"
          type="button"
        >
          <svg
            aria-hidden="true"
            class="lucide lucide-x"
            fill="none"
            height="18"
            stroke="currentColor"
            stroke-linecap="round"
            stroke-linejoin="round"
            stroke-width="2"
            viewBox="0 0 24 24"
            width="18"
            xmlns="http://www.w3.org/2000/svg"
          >
            <path
              d="M18 6 6 18"
            />
            <path
              d="m6 6 12 12"
            />
          </svg>
        </button>
      </div>
    </div>
    <div
      class="mobile-drawer-content flex-1 overflow-y-auto touch-scroll"
    >
      <div
        class="mobile-drawer-profile flex items-center gap-2 border-b border-base-200 px-3 py-2"
      >
        <div
          data-testid="profile-selector"
        />
      </div>
      <div
        data-testid="task-stat-badges"
      />
      <div
        class="mobile-drawer-scrollable flex flex-1 flex-col overflow-y-auto"
      >
        <div
          data-testid="tmux-tree"
        >
          <span>
            main
          </span>
          <span>
            work
          </span>
        </div>
      </div>
    </div>
  </aside>
</div>
`;
